// Jest Snapshot v1, https://goo.gl/fbAQLP

exports[`matches snapshots primary 1`] = `
<div>
  <label
    htmlFor="id"
  >
    <div>
      File input test:
    </div>
  </label>
  <input
    accept={undefined}
    disabled={undefined}
    id="id"
    multiple={false}
    onChange={[Function]}
    style={
      Object {
        "display": "none",
      }
    }
    type="file"
  />
</div>
`;
